// Jest Snapshot v1, https://goo.gl/fbAQLP

exports[`NotFound should match the correct snapshot 1`] = `
<div
  className="not-found"
>
  <h4>
    Dagnabbit!
  </h4>
  <p>
    This page doesn't exist!
  </p>
  <Link
    replace={false}
    to="/"
  >
    <button>
      Back To Safety
    </button>
  </Link>
</div>
`;
