// Jest Snapshot v1, https://goo.gl/fbAQLP

exports[`Loading should match the correct snapshot 1`] = `
<div
  className="loading"
>
  <h4>
    Hold Your Horses!
  </h4>
  <p
    className="notes"
  >
    Whoa there, sport! Looks like the interwebs is still loading all these groovy tunes...
  </p>
</div>
`;
